<html>
<body>
<pre>
<h1>µVision Build Log</h1>
<h2>Tool Versions:</h2>
IDE-Version: ¦ÌVision V5.41.0.0
Copyright (C) 2024 ARM Ltd and ARM Germany GmbH. All rights reserved.
License Information: KK kk, K, LIC=LSNXV-PDLE3-63YMB-2IYGM-NL02L-DYCCG
 
Tool Versions:
Toolchain:       MDK-ARM Plus  Version: 5.41.0.0
Toolchain Path:  D:\Users\kk\AppData\Local\Keil_v5\ARM\ARMCLANG\Bin
C Compiler:      ArmClang.exe V6.22
Assembler:       Armasm.exe V6.22
Linker/Locator:  ArmLink.exe V6.22
Library Manager: ArmAr.exe V6.22
Hex Converter:   FromElf.exe V6.22
CPU DLL:         SARMCM3.DLL V5.41.0.0
Dialog DLL:      DCM.DLL V1.17.5.0
Target DLL:      CMSIS_AGDI.dll V1.33.21.0
Dialog DLL:      TCM.DLL V1.56.4.0
 
<h2>Project:</h2>
E:\software\MicroBoot_Demo\STM32F103_BOOT\MDK-ARM\stm32f103boot.uvprojx
Project File Date:  11/15/2024

<h2>Output:</h2>
*** Using Compiler 'V6.22', folder: 'D:\Users\kk\AppData\Local\Keil_v5\ARM\ARMCLANG\Bin'
Build target 'stm32f103boot'
compiling main.c...
linking...
Program Size: Code=17180 RO-data=1212 RW-data=36 ZI-data=6796  
FromELF: creating hex file...
"stm32f103boot\stm32f103boot.axf" - 0 Error(s), 0 Warning(s).

<h2>Software Packages used:</h2>

Package Vendor: ARM
                https://www.keil.com/pack/ARM.CMSIS.6.1.0.pack
                ARM::CMSIS@6.1.0
                CMSIS (Common Microcontroller Software Interface Standard)
   * Component: CORE Version: 6.1.0

Package Vendor: kk
                https://github.com/Aladdin-Wang/MicroBoot/kk.MicroBoot.0.9.8-dev30.pack
                kk::MicroBoot@0.9.8-dev30
                A bootloader with streamlined design and small size, suitable for embedded systems with limited resources.
   * Component: Bootloader Version: 0.9.6
   * Component: FlashDrv Variant: STM32 Version: 0.9.6
   * Component: check_agent_engine Version: 0.9.6
   * Component: queue Version: 0.9.6
   * Component: shell Version: 0.9.7
   * Component: signals_slots Version: 0.9.6
   * Component: subscribe_publish Version: 0.9.6
   * Component: ymodem Version: 0.9.6
   * Component: ymodem_ota Version: 0.9.6

Package Vendor: Keil
                https://www.keil.com/pack/Keil.ARM_Compiler.1.7.2.pack
                Keil::ARM_Compiler@1.7.2
                Keil ARM Compiler extensions for ARM Compiler 5 and ARM Compiler 6
   * Component: STDOUT Variant: User Version: 1.2.0

Package Vendor: Keil
                https://www.keil.com/pack/Keil.STM32F1xx_DFP.2.4.1.pack
                Keil::STM32F1xx_DFP@2.4.1
                STMicroelectronics STM32F1 Series Device Support, Drivers and Examples

<h2>Collection of Component include folders:</h2>
  ./RTE/MicroBoot
  ./RTE/_stm32f103boot
  D:/Users/kk/AppData/Local/Arm/Packs/ARM/CMSIS/6.1.0/CMSIS/Core/Include
  D:/Users/kk/AppData/Local/Arm/Packs/Keil/STM32F1xx_DFP/2.4.1/Device/Include
  D:/Users/kk/AppData/Local/Arm/Packs/kk/MicroBoot/0.9.8-dev30/example/ymodem
  D:/Users/kk/AppData/Local/Arm/Packs/kk/MicroBoot/0.9.8-dev30/example/ymodem/intelhex
  D:/Users/kk/AppData/Local/Arm/Packs/kk/MicroBoot/0.9.8-dev30/source
  D:/Users/kk/AppData/Local/Arm/Packs/kk/MicroBoot/0.9.8-dev30/source/bootloader
  D:/Users/kk/AppData/Local/Arm/Packs/kk/MicroBoot/0.9.8-dev30/source/check_agent_engine
  D:/Users/kk/AppData/Local/Arm/Packs/kk/MicroBoot/0.9.8-dev30/source/communication/shell
  D:/Users/kk/AppData/Local/Arm/Packs/kk/MicroBoot/0.9.8-dev30/source/communication/signals_slots
  D:/Users/kk/AppData/Local/Arm/Packs/kk/MicroBoot/0.9.8-dev30/source/communication/subscribe_publish
  D:/Users/kk/AppData/Local/Arm/Packs/kk/MicroBoot/0.9.8-dev30/source/communication/ymodem
  D:/Users/kk/AppData/Local/Arm/Packs/kk/MicroBoot/0.9.8-dev30/source/flash_blob
  D:/Users/kk/AppData/Local/Arm/Packs/kk/MicroBoot/0.9.8-dev30/source/generic/queue

<h2>Collection of Component Files used:</h2>

   * Component: ARM::CMSIS:CORE@6.1.0
      Include file:  CMSIS/Core/Include/tz_context.h

   * Component: Keil::Compiler&ARM Compiler:I/O:STDOUT&User@1.2.0
      Source file:   Template/stdout_user.c
      Source file:   Template/stdout_USART.c
      Source file:   Template/stdout_display.c
      Source file:   Source/retarget_io.c

   * Component: kk::MicroBoot:components:Bootloader@0.9.6
      Source file:   source/bootloader/bootloader.c
      Include file:  template/user_app_cfg.h

   * Component: kk::MicroBoot:components:FlashDrv&STM32@0.9.6
      Source file:   source/flash_blob/flash_blob.c
      Source file:   source/flash_blob/flash/STM32_FLASH_DRV.c
      Source file:   source/flash_blob/flash/STM32_FLASH_DEV.c
      Include file:  template/user_app_cfg.h

   * Component: kk::MicroBoot:components:check_agent_engine@0.9.6
      Include file:  template/user_app_cfg.h
      Source file:   source/check_agent_engine/check_agent_engine.c

   * Component: kk::MicroBoot:components:queue@0.9.6
      Include file:  template/user_app_cfg.h
      Source file:   source/generic/queue/ring_queue.c

   * Component: kk::MicroBoot:components:shell@0.9.7
      Source file:   source/communication/shell/micro_shell_cmd.c
      Source file:   source/communication/msg_map/msg_map.c
      Include file:  template/user_app_cfg.h
      Source file:   source/communication/msg_map/msg_check_arg.c
      Source file:   source/communication/shell/micro_shell.c
      Source file:   source/communication/msg_map/msg_check_str.c

   * Component: kk::MicroBoot:components:signals_slots@0.9.6
      Source file:   source/communication/signals_slots/signals_slots.c
      Include file:  template/user_app_cfg.h

   * Component: kk::MicroBoot:components:subscribe_publish@0.9.6
      Include file:  template/user_app_cfg.h
      Source file:   source/communication/subscribe_publish/subscribe_publish.c
      Source file:   source/communication/msg_map/msg_check_arg.c
      Source file:   source/communication/msg_map/msg_map.c
      Source file:   source/communication/msg_map/msg_check_str.c

   * Component: kk::MicroBoot:components:ymodem@0.9.6
      Source file:   source/communication/ymodem/ymodem.c
      Include file:  template/user_app_cfg.h

   * Component: kk::MicroBoot:example:ymodem_ota@0.9.6
      Include file:  example/ymodem/ymodem_ota.h
      Source file:   example/ymodem/intelhex/intelhex.c
      Source file:   example/ymodem/ymodem_ota.c
Build Time Elapsed:  00:00:02
</pre>
</body>
</html>
